Microchip MPLAB XC8 Compiler V2.41

Linker command line:

-W-3 \
  --edf=C:\Program Files\Microchip\xc8\v2.41\pic\dat\20230208172133_en.msgs \
  -cn -h+dist/default/production\lcdtest.X.production.sym \
  --cmf=dist/default/production\lcdtest.X.production.cmf -z -Q16F887 \
  -oC:\Users\Henrique\AppData\Local\Temp\xcAsak4.\driver_tmp_3.o \
  --defsym=__MPLAB_BUILD=1 --fixupoverflow=error \
  -Mdist/default/production/lcdtest.X.production.map \
  --md=C:\Users\Henrique\AppData\Local\Temp\xcAsak4.\driver_tmp_0.dat -E1 \
  -ver=XC8 Compiler --acfsm=1493 -ACODE=00h-07FFhx4 -ASTRCODE=00h-01FFFh \
  -ASTRING=00h-0FFhx32 -ACONST=00h-0FFhx32 -AENTRY=00h-0FFhx32 \
  -ACOMMON=070h-07Fh -ABANK0=020h-06Fh -ABANK1=0A0h-0EFh \
  -ABANK2=0110h-016Fh -ABANK3=0190h-01EFh \
  -ARAM=020h-06Fh,0A0h-0EFh,0110h-016Fh,0190h-01EFh \
  -AABS1=020h-07Fh,0A0h-0EFh,0110h-016Fh,0190h-01EFh -ASFR0=00h-01Fh \
  -ASFR1=080h-09Fh -ASFR2=0100h-010Fh -ASFR3=0180h-018Fh \
  -ACONFIG=02007h-02008h -DCONFIG=2 -AIDLOC=02000h-02003h -DIDLOC=2 \
  -AEEDATA=00h-0FFh/02100h -peeprom_data=EEDATA -DEEDATA=2 -DCODE=2 \
  -DSTRCODE=2 -DSTRING=2 -DCONST=2 -DENTRY=2 \
  -preset_vec=00h,intentry,init,end_init -ppowerup=CODE -pcinit=CODE \
  -pfunctab=ENTRY -k \
  C:\Users\Henrique\AppData\Local\Temp\xcAsak4.\driver_tmp_12.o \
  dist/default/production\lcdtest.X.production.o 

Object code version is 3.11

Machine type is 16F887



                Name                               Link     Load   Length Selector   Space Scale
C:\Users\Henrique\AppData\Local\Temp\xcAsak4.\driver_tmp_12.o
                end_init                              0        0        3        0       0
                config                             2007     2007        2        0       4
                idloc                              2000     2000        4        0       5
dist/default/production\lcdtest.X.production.o
                cinit                               7E2      7E2       1E      FC4       0
                config                             2007     2007        2        0       4
                idloc                              2000     2000        4        0       5
                text8                               534      534       2D      A68       0
                text7                               58E      58E       35      B1C       0
                text6                               6C8      6C8       73      D90       0
                text5                               63D      63D       45      C7A       0
                text4                               682      682       46      D04       0
                text3                               5C3      5C3       37      B86       0
                text2                               73B      73B       A7      E76       0
                text1                               561      561       2D      AC2       0
                maintext                            5FA      5FA       43      BF4       0
                cstackBANK0                          40       40        7       20       1
                cstackCOMMON                         70       70        E       70       1
                inittext                            50D      50D       13      A1A       0
                dataBANK0                            20       20       14       20       1
                bssBANK0                             34       34        C       20       1
                strings                               3        3        F        6       0
                nvBANK0                              47       47        6       20       1
                idataBANK0                          520      520       14      A40       0

TOTAL           Name                               Link     Load   Length     Space
        CLASS   CODE           
                end_init                              0        0        3         0
                cinit                               7E2      7E2       1E         0
                text8                               534      534       2D         0
                text7                               58E      58E       35         0
                text6                               6C8      6C8       73         0
                text5                               63D      63D       45         0
                text4                               682      682       46         0
                text3                               5C3      5C3       37         0
                text2                               73B      73B       A7         0
                text1                               561      561       2D         0
                maintext                            5FA      5FA       43         0
                inittext                            50D      50D       13         0
                idataBANK0                          520      520       14         0

        CLASS   STRCODE        

        CLASS   STRING         
                strings                               3        3        F         0

        CLASS   CONST          

        CLASS   ENTRY          

        CLASS   COMMON         
                cstackCOMMON                         70       70        E         1

        CLASS   BANK0          
                cstackBANK0                          40       40        7         1
                dataBANK0                            20       20       14         1
                bssBANK0                             34       34        C         1
                nvBANK0                              47       47        6         1

        CLASS   BANK1          

        CLASS   BANK2          

        CLASS   BANK3          

        CLASS   RAM            

        CLASS   ABS1           
                abs_s1                               7E       7E        2         1

        CLASS   SFR0           

        CLASS   SFR1           

        CLASS   SFR2           

        CLASS   SFR3           

        CLASS   CONFIG         
                config                             2007     2007        2         4

        CLASS   IDLOC          
                idloc                              2000     2000        4         5

        CLASS   EEDATA         

        CLASS   STACK          



SEGMENTS        Name                           Load    Length   Top    Selector   Space  Class     Delta

                reset_vec                      000000  000003  000003         0       0  CODE        2
                strings                        000003  00000F  000012         6       0  STRING      2
                dataBANK0                      000020  00002D  00004D        20       1  BANK0       1
                cstackCOMMON                   000070  00000E  00007E        70       1  COMMON      1
                inittext                       00050D  000013  000520       A1A       0  CODE        2
                idataBANK0                     000520  000014  000534       A40       0  CODE        2
                text8                          000534  00002D  000561       A68       0  CODE        2
                text1                          000561  00002D  00058E       AC2       0  CODE        2
                text7                          00058E  000035  0005C3       B1C       0  CODE        2
                text3                          0005C3  000037  0005FA       B86       0  CODE        2
                maintext                       0005FA  000043  00063D       BF4       0  CODE        2
                text5                          00063D  000045  000682       C7A       0  CODE        2
                text4                          000682  000046  0006C8       D04       0  CODE        2
                text6                          0006C8  000073  00073B       D90       0  CODE        2
                text2                          00073B  0000A7  0007E2       E76       0  CODE        2
                cinit                          0007E2  00001E  000800       FC4       0  CODE        2


UNUSED ADDRESS RANGES

        Name                Unused          Largest block    Delta
        BANK0            004D-006F             23           1
        BANK1            00A0-00EF             50           1
        BANK2            0110-016F             60           1
        BANK3            0190-01EF             60           1
        CODE             0012-050C            4FB           2
                         0800-1FFF            800
        CONST            0012-050C            100           2
                         0800-1FFF            100
        EEDATA           2100-21FF            100           2
        ENTRY            0012-050C            100           2
                         0800-1FFF            100
        RAM              004D-006F             23           1
                         00A0-00EF             50
                         0110-016F             60
                         0190-01EF             60
        SFR0             0000-001F             20           1
        SFR1             0080-009F             20           1
        SFR2             0100-010F             10           1
        SFR3             0180-018F             10           1
        STRCODE          0012-050C            4FB           2
                         0800-1FFF           1800
        STRING           0012-050C            100           2
                         0800-1FFF            100

                                  Symbol Table

_D4                      bssBANK0     003A
_D5                      bssBANK0     0038
_D6                      bssBANK0     0036
_D7                      bssBANK0     0034
_EN                      bssBANK0     003C
_PORTC                   (abs)        0007
_PORTD                   (abs)        0008
_RS                      bssBANK0     003E
_TRISC                   (abs)        0087
_TRISD                   (abs)        0088
__H__absolute__          __absolute__ 0000
__Habs1                  abs1         0000
__Hbank0                 bank0        0000
__Hbank1                 bank1        0000
__Hbank2                 bank2        0000
__Hbank3                 bank3        0000
__HbssBANK0              bssBANK0     0000
__Hcinit                 cinit        0800
__Hclrtext               clrtext      0000
__Hcode                  code         0000
__Hcommon                common       0000
__Hconfig                config       2009
__HcstackBANK0           cstackBANK0  0000
__HcstackCOMMON          cstackCOMMON 0000
__HdataBANK0             dataBANK0    0000
__Heeprom_data           eeprom_data  0000
__Hend_init              end_init     0003
__Hfunctab               functab      0000
__HidataBANK0            idataBANK0   0000
__Hidloc                 idloc        2004
__Hinit                  init         0000
__Hinittext              inittext     0000
__Hintentry              intentry     0000
__Hmaintext              maintext     0000
__HnvBANK0               nvBANK0      0000
__Hpowerup               powerup      0000
__Hram                   ram          0000
__Hreset_vec             reset_vec    0000
__Hsfr0                  sfr0         0000
__Hsfr1                  sfr1         0000
__Hsfr2                  sfr2         0000
__Hsfr3                  sfr3         0000
__Hspace_0               (abs)        0800
__Hspace_1               (abs)        007E
__Hspace_2               (abs)        0000
__Hspace_3               (abs)        0000
__Hspace_4               (abs)        4010
__Hstack                 stack        0000
__Hstrings               strings      0000
__Htext                  text         0000
__L__absolute__          __absolute__ 0000
__Labs1                  abs1         0000
__Lbank0                 bank0        0000
__Lbank1                 bank1        0000
__Lbank2                 bank2        0000
__Lbank3                 bank3        0000
__LbssBANK0              bssBANK0     0000
__Lcinit                 cinit        07E2
__Lclrtext               clrtext      0000
__Lcode                  code         0000
__Lcommon                common       0000
__Lconfig                config       0000
__LcstackBANK0           cstackBANK0  0000
__LcstackCOMMON          cstackCOMMON 0000
__LdataBANK0             dataBANK0    0000
__Leeprom_data           eeprom_data  0000
__Lend_init              end_init     0000
__Lfunctab               functab      0000
__LidataBANK0            idataBANK0   0000
__Lidloc                 idloc        0000
__Linit                  init         0000
__Linittext              inittext     0000
__Lintentry              intentry     0000
__Lmaintext              maintext     0000
__LnvBANK0               nvBANK0      0000
__Lpowerup               powerup      0000
__Lram                   ram          0000
__Lreset_vec             reset_vec    0000
__Lsfr0                  sfr0         0000
__Lsfr1                  sfr1         0000
__Lsfr2                  sfr2         0000
__Lsfr3                  sfr3         0000
__Lspace_0               (abs)        0000
__Lspace_1               (abs)        0000
__Lspace_2               (abs)        0000
__Lspace_3               (abs)        0000
__Lspace_4               (abs)        0000
__Lstack                 stack        0000
__Lstrings               strings      0000
__Ltext                  text         0000
__S0                     (abs)        0800
__S1                     (abs)        007E
__S3                     (abs)        0000
___int_sp                stack        0000
___latbits               (abs)        0002
___sp                    stack        0000
___stackhi               (abs)        0000
___stacklo               (abs)        0000
__end_of__initialization cinit        07FC
__end_of__stringtab      strings      0009
__end_of_byte            text5        0682
__end_of_enable          text7        05C3
__end_of_escreve         text4        06C8
__end_of_grava_caractere text3        05FA
__end_of_lcd_init        text2        07E2
__end_of_main            maintext     063D
__end_of_muda_pin        text8        0561
__end_of_nibble          text6        073B
__end_of_usa_caractere   text1        058E
__initialization         cinit        07E2
__pbssBANK0              bssBANK0     0034
__pcstackBANK0           cstackBANK0  0040
__pcstackCOMMON          cstackCOMMON 0070
__pdataBANK0             dataBANK0    0020
__pidataBANK0            idataBANK0   0520
__pmaintext              maintext     05FA
__pnvBANK0               nvBANK0      0047
__pstrings               strings      0003
__ptext1                 text1        0561
__ptext2                 text2        073B
__ptext3                 text3        05C3
__ptext4                 text4        0682
__ptext5                 text5        063D
__ptext6                 text6        06C8
__ptext7                 text7        058E
__ptext8                 text8        0534
__stringbase             strings      0008
__stringtab              strings      0003
_byte                    text5        063D
_enable                  text7        058E
_escreve                 text4        0682
_grava_caractere         text3        05C3
_lcd_init                text2        073B
_lcd_pins                dataBANK0    0020
_main                    maintext     05FA
_muda_pin                text8        0534
_nibble                  text6        06C8
_port_data               nvBANK0      0047
_port_en                 nvBANK0      0049
_port_rs                 nvBANK0      004B
_robo                    dataBANK0    002C
_usa_caractere           text1        0561
btemp                    (abs)        007E
byte@dado                cstackCOMMON 007D
byte@escreve             cstackCOMMON 007B
end_of_initialization    cinit        07FC
escreve@col              cstackBANK0  0043
escreve@lin              cstackBANK0  0045
escreve@str              cstackBANK0  0044
grava_caractere@i        cstackBANK0  0045
grava_caractere@linhas   cstackBANK0  0043
init_fetch0              inittext     050D
init_ram0                inittext     0511
intlevel0                functab      0000
intlevel1                functab      0000
intlevel2                functab      0000
intlevel3                functab      0000
intlevel4                functab      0000
intlevel5                functab      0000
lcd_init@lcd_pins        cstackBANK0  0045
muda_pin@_pin            cstackCOMMON 0072
muda_pin@_port           cstackCOMMON 0070
muda_pin@_val            cstackCOMMON 0074
nibble@dado              cstackCOMMON 0077
reset_vec                reset_vec    0000
start                    init         0000
start_initialization     cinit        07E2
usa_caractere@caractere  cstackBANK0  0044
usa_caractere@col        cstackBANK0  0043
usa_caractere@lin        cstackBANK0  0045
wtemp0                   (abs)        007E


MODULE INFORMATION

Module		Function		Class		Link	Load	Size
lcdtest.c
		_main          		CODE           	05FA	0000	67

lcdtest.c estimated size: 67

shared
		__stringtab    		STRING         	0003	0000	6
		__initialization		CODE           	07E2	0000	26

shared estimated size: 32

bibliotec_lcd.c
		_usa_caractere 		CODE           	0561	0000	45
		_escreve       		CODE           	0682	0000	70
		_byte          		CODE           	063D	0000	69
		_enable        		CODE           	058E	0000	53
		_nibble        		CODE           	06C8	0000	115
		_muda_pin      		CODE           	0534	0000	45
		_lcd_init      		CODE           	073B	0000	167
		_grava_caractere		CODE           	05C3	0000	55

bibliotec_lcd.c estimated size: 619

